******************************************************************************
             TMS320C2000 Linker PC v6.2.7                      
******************************************************************************
>> Linked Fri Jan 09 18:04:33 2015

OUTPUT FILE NAME:   <piccolo.out>
ENTRY POINT SYMBOL: "_c_int00"  address: 003f616e


MEMORY CONFIGURATION

         name            origin    length      used     unused   attr    fill
----------------------  --------  ---------  --------  --------  ----  --------
PAGE 0:
  PRAML0                00008000   00000800  00000004  000007fc  RWIX
  OTP                   003d7800   00000400  00000000  00000400  RWIX
  FLASHD                003f0000   00002000  00000000  00002000  RWIX
  FLASHC                003f2000   00002000  00000000  00002000  RWIX
  FLASHA                003f6000   00001f80  00000336  00001c4a  RWIX
  CSM_RSVD              003f7f80   00000076  00000076  00000000  RWIX
  BEGIN                 003f7ff6   00000002  00000002  00000000  RWIX
  CSM_PWL_P0            003f7ff8   00000008  00000008  00000000  RWIX
  IQTABLES              003fe000   00000b50  00000000  00000b50  RWIX
  IQTABLES2             003feb50   0000008c  00000000  0000008c  RWIX
  IQTABLES3             003febdc   000000aa  00000000  000000aa  RWIX
  ROM                   003ff27c   00000d44  00000000  00000d44  RWIX
  RESET                 003fffc0   00000002  00000000  00000002  RWIX
  VECTORS               003fffc2   0000003e  00000000  0000003e  RWIX

PAGE 1:
  BOOT_RSVD             00000000   00000050  00000000  00000050  RWIX
  RAMM0                 00000050   000003b0  00000300  000000b0  RWIX
  RAMM1                 00000400   00000400  00000000  00000400  RWIX
  DRAML0                00008800   00000800  0000000f  000007f1  RWIX
  FLASHB                003f4000   00002000  00000000  00002000  RWIX


SECTION ALLOCATION MAP

 output                                  attributes/
section   page    origin      length       input sections
--------  ----  ----------  ----------   ----------------
.pinit     0    003f6000    00000000     UNINITIALIZED

.text      0    003f6000    0000031c     
                  003f6000    00000125     main.obj (.text)
                  003f6125    00000049     driverlib.lib : gpio.obj (.text:_GPIO_setMode)
                  003f616e    00000044     rts2800_ml.lib : boot.obj (.text)
                  003f61b2    00000034     driverlib.lib : gpio.obj (.text:_GPIO_setDirection)
                  003f61e6    00000034                   : gpio.obj (.text:_GPIO_setPullUp)
                  003f621a    00000019     rts2800_ml.lib : args_main.obj (.text)
                  003f6233    00000019                    : exit.obj (.text)
                  003f624c    00000015     driverlib.lib : pll.obj (.text:_PLL_setup)
                  003f6261    00000013                   : gpio.obj (.text:_GPIO_setHigh)
                  003f6274    00000013                   : gpio.obj (.text:_GPIO_setLow)
                  003f6287    00000012                   : F2802x_asmfuncs.obj (.text)
                  003f6299    00000011                   : gpio.obj (.text:_GPIO_getData)
                  003f62aa    0000000f                   : pie.obj (.text:_PIE_disableAllInts)
                  003f62b9    00000009     rts2800_ml.lib : _lock.obj (.text)
                  003f62c2    00000008     driverlib.lib : pie.obj (.text:_PIE_init)
                  003f62ca    00000008                   : wdog.obj (.text:_WDOG_disable)
                  003f62d2    00000007                   : clk.obj (.text:_CLK_enableAdcClock)
                  003f62d9    00000007                   : clk.obj (.text:_CLK_init)
                  003f62e0    00000007                   : clk.obj (.text:_CLK_setClkOutPreScaler)
                  003f62e7    00000007                   : clk.obj (.text:_CLK_setOscSrc)
                  003f62ee    00000007                   : pll.obj (.text:_PLL_init)
                  003f62f5    00000007                   : pll.obj (.text:_PLL_setDivider)
                  003f62fc    00000007                   : wdog.obj (.text:_WDOG_init)
                  003f6303    00000006                   : pll.obj (.text:_PLL_setMultiplier)
                  003f6309    00000004                   : cpu.obj (.text:_CPU_init)
                  003f630d    00000003                   : cpu.obj (.text:_CPU_clearIntFlags)
                  003f6310    00000003                   : cpu.obj (.text:_CPU_disableGlobalInts)
                  003f6313    00000003                   : pie.obj (.text:_PIE_disable)
                  003f6316    00000003                   : pll.obj (.text:_PLL_getClkStatus)
                  003f6319    00000003                   : pll.obj (.text:_PLL_getLockStatus)

.cinit     0    003f631c    00000016     
                  003f631c    0000000a     rts2800_ml.lib : _lock.obj (.cinit)
                  003f6326    0000000a                    : exit.obj (.cinit)
                  003f6330    00000002     --HOLE-- [fill = 0]

ramfuncs   0    003f6332    00000004     RUN ADDR = 00008000
                  003f6332    00000004     driverlib.lib : F2802x_asmfuncs.obj (ramfuncs)

csm_rsvd   0    003f7f80    00000076     
                  003f7f80    00000076     driverlib.lib : F2802x_asmfuncs.obj (csm_rsvd)

codestart 
*          0    003f7ff6    00000002     
                  003f7ff6    00000002     driverlib.lib : F2802x_asmfuncs.obj (codestart)

csmpasswds 
*          0    003f7ff8    00000008     
                  003f7ff8    00000008     driverlib.lib : F2802x_asmfuncs.obj (csmpasswds)

.reset     0    003fffc0    00000002     DSECT
                  003fffc0    00000002     rts2800_ml.lib : boot.obj (.reset)

vectors    0    003fffc2    00000000     DSECT

.stack     1    00000050    00000300     UNINITIALIZED
                  00000050    00000300     --HOLE--

.ebss      1    00008800    0000000f     UNINITIALIZED
                  00008800    00000006     main.obj (.ebss)
                  00008806    00000004     rts2800_ml.lib : _lock.obj (.ebss)
                  0000880a    00000004                    : exit.obj (.ebss)
                  0000880e    00000001     driverlib.lib : cpu.obj (.ebss)


GLOBAL DATA SYMBOLS: SORTED BY DATA PAGE

address     data page           name
--------    ----------------    ----
00000050       1 (00000040)     __stack

00008800     220 (00008800)     _myGpio
00008802     220 (00008800)     _myClk
00008804     220 (00008800)     _myPie
00008806     220 (00008800)     __unlock
00008808     220 (00008800)     __lock
0000880a     220 (00008800)     ___TI_cleanup_ptr
0000880c     220 (00008800)     ___TI_dtors_ptr
0000880e     220 (00008800)     _cpu


GLOBAL SYMBOLS: SORTED ALPHABETICALLY BY Name 

address    name
--------   ----
003f6000   .text
003f6233   C$$EXIT
003f62d2   _CLK_enableAdcClock
003f62d9   _CLK_init
003f62e0   _CLK_setClkOutPreScaler
003f62e7   _CLK_setOscSrc
003f630d   _CPU_clearIntFlags
003f6310   _CPU_disableGlobalInts
003f6309   _CPU_init
003f6292   _DSP28x_DisableInt
003f6296   _DSP28x_RestoreInt
00008000   _DSP28x_usDelay
003f6299   _GPIO_getData
003f61b2   _GPIO_setDirection
003f6261   _GPIO_setHigh
003f6274   _GPIO_setLow
003f6125   _GPIO_setMode
003f61e6   _GPIO_setPullUp
003f6313   _PIE_disable
003f62aa   _PIE_disableAllInts
003f62c2   _PIE_init
003f6316   _PLL_getClkStatus
003f6319   _PLL_getLockStatus
003f62ee   _PLL_init
003f62f5   _PLL_setDivider
003f6303   _PLL_setMultiplier
003f624c   _PLL_setup
003f6336   _RamfuncsLoadEnd
003f6332   _RamfuncsLoadStart
00008000   _RamfuncsRunStart
003f62ca   _WDOG_disable
003f62fc   _WDOG_init
00000350   __STACK_END
00000300   __STACK_SIZE
00000001   __TI_args_main
0000880a   ___TI_cleanup_ptr
0000880c   ___TI_dtors_ptr
ffffffff   ___binit__
ffffffff   ___c_args__
003f631c   ___cinit__
003f631c   ___etext__
ffffffff   ___pinit__
003f6000   ___text__
003f621a   __args_main
00008808   __lock
003f62c1   __nop
003f62bd   __register_lock
003f62b9   __register_unlock
00000050   __stack
00008806   __unlock
003f6233   _abort
003f616e   _c_int00
0000880e   _cpu
003f6235   _exit
003f6000   _main
00008802   _myClk
00008800   _myGpio
00008804   _myPie
003f628f   _setDBGIER
ffffffff   binit
003f631c   cinit
003f7ff6   code_start
003f631c   etext
ffffffff   pinit


GLOBAL SYMBOLS: SORTED BY Symbol Address 

address    name
--------   ----
00000001   __TI_args_main
00000050   __stack
00000300   __STACK_SIZE
00000350   __STACK_END
00008000   _DSP28x_usDelay
00008000   _RamfuncsRunStart
00008800   _myGpio
00008802   _myClk
00008804   _myPie
00008806   __unlock
00008808   __lock
0000880a   ___TI_cleanup_ptr
0000880c   ___TI_dtors_ptr
0000880e   _cpu
003f6000   .text
003f6000   ___text__
003f6000   _main
003f6125   _GPIO_setMode
003f616e   _c_int00
003f61b2   _GPIO_setDirection
003f61e6   _GPIO_setPullUp
003f621a   __args_main
003f6233   C$$EXIT
003f6233   _abort
003f6235   _exit
003f624c   _PLL_setup
003f6261   _GPIO_setHigh
003f6274   _GPIO_setLow
003f628f   _setDBGIER
003f6292   _DSP28x_DisableInt
003f6296   _DSP28x_RestoreInt
003f6299   _GPIO_getData
003f62aa   _PIE_disableAllInts
003f62b9   __register_unlock
003f62bd   __register_lock
003f62c1   __nop
003f62c2   _PIE_init
003f62ca   _WDOG_disable
003f62d2   _CLK_enableAdcClock
003f62d9   _CLK_init
003f62e0   _CLK_setClkOutPreScaler
003f62e7   _CLK_setOscSrc
003f62ee   _PLL_init
003f62f5   _PLL_setDivider
003f62fc   _WDOG_init
003f6303   _PLL_setMultiplier
003f6309   _CPU_init
003f630d   _CPU_clearIntFlags
003f6310   _CPU_disableGlobalInts
003f6313   _PIE_disable
003f6316   _PLL_getClkStatus
003f6319   _PLL_getLockStatus
003f631c   ___cinit__
003f631c   ___etext__
003f631c   cinit
003f631c   etext
003f6332   _RamfuncsLoadStart
003f6336   _RamfuncsLoadEnd
003f7ff6   code_start
ffffffff   ___binit__
ffffffff   ___c_args__
ffffffff   ___pinit__
ffffffff   binit
ffffffff   pinit

[64 symbols]
